// Jest Snapshot v1, https://goo.gl/fbAQLP

exports[`Add Component renders correctly 1`] = `
<View>
  <Text>
    Add
  </Text>
</View>
`;
